==========================================
REAL AI CERTIFICATION GATE
==========================================


Starting Certification for: Build a ride sharing platform for college students
[Project proj-ride-1782189967930] Starting pipeline for: Build a ride sharing platform for college students
    [Planning & Delivery] Attempt 1/3...

Starting Certification for: Build an AI Resume Builder
[Project proj-resume-1782189967930] Starting pipeline for: Build an AI Resume Builder
    [Server Error]: Cannot read properties of undefined (reading 'toLowerCase')
    Retry 1/7 failed: AI Generation Failed or Timed out.
    Waiting before retry...
[Project proj-resume-1782189967930] Starting pipeline for: Build an AI Resume Builder
    [Validation Blocked]: [
  {
    taskName: 'Task TASK-001-005 (Develop Route Scheduling System, 21 pts, Role: BACKEND)',
    description: 'The task description lacks information about how the system will generate and format resumes.'
  },
  'Knowledge Conflict: The PRD should include specific details on resume generation and formatting to align with market standard requirements.'
]
    Retry 2/7 failed: AI Generation Failed or Timed out.
    Waiting before retry...
[Project proj-resume-1782189967930] Starting pipeline for: Build an AI Resume Builder
    [Validation Blocked]: [ 'Knowledge Conflict: Contradicts Organizational Memory' ]
    Retry 3/7 failed: AI Generation Failed or Timed out.
    Waiting before retry...
[Project proj-resume-1782189967930] Starting pipeline for: Build an AI Resume Builder
    [Planning & Delivery] Attempt 1/3...

Starting Certification for: Build a water tracking app
[Project proj-water-1782189967930] Starting pipeline for: Build a water tracking app
    [Validation Blocked]: [
  'PRD lacks key market standard requirement',
  'Knowledge Conflict: The Product Requirements Document (PRD) contradicts the Organizational Memory by contradicting the readiness status and suggesting tasks that are not aligned with the identified risks.'
]
    Retry 1/7 failed: AI Generation Failed or Timed out.
    Waiting before retry...
[Project proj-water-1782189967930] Starting pipeline for: Build a water tracking app
    [Validation Blocked]: [
  'The generated PRD conflicts with or directly contradicts the <ORGANIZATIONAL_MEMORY>.',
  'Knowledge Conflict: The Product Requirements Document (PRD) does not mention any tasks related to Schedule Management System or Driver Management Dashboard.'
]
    Retry 2/7 failed: AI Generation Failed or Timed out.
    Waiting before retry...
[Project proj-water-1782189967930] Starting pipeline for: Build a water tracking app
    [Server Error]: Cannot read properties of undefined (reading 'toLowerCase')
    Retry 3/7 failed: AI Generation Failed or Timed out.
    Waiting before retry...
[Project proj-water-1782189967930] Starting pipeline for: Build a water tracking app
    [Validation Blocked]: [
  'Decision: REJECT because the PRD conflicts with or directly contradicts the <ORGANIZATIONAL_MEMORY> regarding capacity constraints and high risk levels for critical tasks in SPRINT-001.',
  'Knowledge Conflict: The PRD specifies tasks that are not aligned with the ORGANIZATIONAL_MEMORY.'
]
    Retry 4/7 failed: AI Generation Failed or Timed out.
    Waiting before retry...
[Project proj-water-1782189967930] Starting pipeline for: Build a water tracking app
    [Validation Blocked]: [
  "Task TASK-001-007 conflicts with Memory's Sprint and Capacity requirements",
  'Knowledge Conflict: The memory indicates that Task TASK-001-007 requires a Schedule Management System, but the PRD states it only requires a Vehicle Information Form.'
]
    Retry 5/7 failed: AI Generation Failed or Timed out.
    Waiting before retry...
[Project proj-water-1782189967930] Starting pipeline for: Build a water tracking app
    [Validation Blocked]: [
  'Missing Market Standard Requirement',
  'Knowledge Conflict: The PRD fails to include a market standard requirement for water tracking apps, which is essential based on the research conducted.'
]
    Retry 6/7 failed: AI Generation Failed or Timed out.
    Waiting before retry...
[Project proj-water-1782189967930] Starting pipeline for: Build a water tracking app
